<?xml version="1.0" encoding="UTF-8"?>
<TestRun id="91ded724-3c55-43c5-b64c-00c89ed295d5" name="Cwoo@CWOO-PC 2011-04-30 18:27:32" runUser="Cwoo-PC\Cwoo" xmlns="http://microsoft.com/schemas/VisualStudio/TeamTest/2010">
  <TestSettings name="Local" id="49e49dd0-324f-478a-ab30-f3aeba0afd51">
    <Description>These are default test settings for a local test run.</Description>
    <Deployment enabled="false" runDeploymentRoot="Cwoo_CWOO-PC 2011-04-30 18_27_32">
      <DeploymentItem filename="C:\Users\Cwoo\Desktop\SvnLog\SvnDomainModel\bin\Debug\SvnDomainModel.dll" />
    </Deployment>
    <Execution>
      <TestTypeSpecific />
      <AgentRule name="Execution Agents">
      </AgentRule>
    </Execution>
  </TestSettings>
  <Times creation="2011-04-30T18:27:32.1397288+01:00" queuing="2011-04-30T18:27:32.2277338+01:00" start="2011-04-30T18:27:32.2567354+01:00" finish="2011-04-30T18:27:32.6417575+01:00" />
  <ResultSummary outcome="Failed">
    <Counters total="8" executed="8" passed="6" error="0" failed="2" timeout="0" aborted="0" inconclusive="0" passedButRunAborted="0" notRunnable="0" notExecuted="0" disconnected="0" warning="0" completed="0" inProgress="0" pending="0" />
  </ResultSummary>
  <TestDefinitions>
    <UnitTest name="TestWhenOnlySingleRevisionSelectedItGetsTurnedIntoRevisionRange" storage="c:\users\cwoo\desktop\svnlog\testsvndomainmodel\bin\debug\testsvndomainmodel.dll" id="0d9d8b1b-59be-4a84-e3f2-8936777bdcca">
      <Execution id="4141f66a-7c9f-4c80-b5ce-2c9471589013" />
      <TestMethod codeBase="C:/Users/Cwoo/Desktop/SvnLog/TestSvnDomainModel/bin/Debug/TestSvnDomainModel.DLL" adapterTypeName="Microsoft.VisualStudio.TestTools.TestTypes.Unit.UnitTestAdapter, Microsoft.VisualStudio.QualityTools.Tips.UnitTest.Adapter, Version=10.0.0.0, Culture=neutral, PublicKeyToken=b03f5f7f11d50a3a" className="TestSvnDomainModel.TestSvnLog, TestSvnDomainModel, Version=1.0.0.0, Culture=neutral, PublicKeyToken=null" name="TestWhenOnlySingleRevisionSelectedItGetsTurnedIntoRevisionRange" />
    </UnitTest>
    <UnitTest name="TestSkippingARevisionResultsInTwoNoneRangesBeingReturned" storage="c:\users\cwoo\desktop\svnlog\testsvndomainmodel\bin\debug\testsvndomainmodel.dll" id="02aa3de2-b3c3-fefd-307e-ace23c0ad47e">
      <Execution id="e22d61a6-2b6d-4ca0-b39b-a144efeef486" />
      <TestMethod codeBase="C:/Users/Cwoo/Desktop/SvnLog/TestSvnDomainModel/bin/Debug/TestSvnDomainModel.DLL" adapterTypeName="Microsoft.VisualStudio.TestTools.TestTypes.Unit.UnitTestAdapter, Microsoft.VisualStudio.QualityTools.Tips.UnitTest.Adapter, Version=10.0.0.0, Culture=neutral, PublicKeyToken=b03f5f7f11d50a3a" className="TestSvnDomainModel.TestSvnLog, TestSvnDomainModel, Version=1.0.0.0, Culture=neutral, PublicKeyToken=null" name="TestSkippingARevisionResultsInTwoNoneRangesBeingReturned" />
    </UnitTest>
    <UnitTest name="TestSkippingLastResultsInOneRange" storage="c:\users\cwoo\desktop\svnlog\testsvndomainmodel\bin\debug\testsvndomainmodel.dll" id="3a48e302-ccc6-9204-2565-041adf457499">
      <Execution id="fdba7f7c-c3ff-492a-89d9-ed40263a9ee9" />
      <TestMethod codeBase="C:/Users/Cwoo/Desktop/SvnLog/TestSvnDomainModel/bin/Debug/TestSvnDomainModel.DLL" adapterTypeName="Microsoft.VisualStudio.TestTools.TestTypes.Unit.UnitTestAdapter, Microsoft.VisualStudio.QualityTools.Tips.UnitTest.Adapter, Version=10.0.0.0, Culture=neutral, PublicKeyToken=b03f5f7f11d50a3a" className="TestSvnDomainModel.TestSvnLog, TestSvnDomainModel, Version=1.0.0.0, Culture=neutral, PublicKeyToken=null" name="TestSkippingLastResultsInOneRange" />
    </UnitTest>
    <UnitTest name="TestSkippingMiddleCanCreateTwoRanges" storage="c:\users\cwoo\desktop\svnlog\testsvndomainmodel\bin\debug\testsvndomainmodel.dll" id="d13e3e73-e065-6a13-5822-4e5f1b2d1751">
      <Execution id="924bca4d-c58d-4924-b045-660410515739" />
      <TestMethod codeBase="C:/Users/Cwoo/Desktop/SvnLog/TestSvnDomainModel/bin/Debug/TestSvnDomainModel.DLL" adapterTypeName="Microsoft.VisualStudio.TestTools.TestTypes.Unit.UnitTestAdapter, Microsoft.VisualStudio.QualityTools.Tips.UnitTest.Adapter, Version=10.0.0.0, Culture=neutral, PublicKeyToken=b03f5f7f11d50a3a" className="TestSvnDomainModel.TestSvnLog, TestSvnDomainModel, Version=1.0.0.0, Culture=neutral, PublicKeyToken=null" name="TestSkippingMiddleCanCreateTwoRanges" />
    </UnitTest>
    <UnitTest name="TestRangeCreatedWhenFirstRevisionSkipped" storage="c:\users\cwoo\desktop\svnlog\testsvndomainmodel\bin\debug\testsvndomainmodel.dll" id="24a2b6e2-c4e7-6b1d-ad11-cdd2dbc84edb">
      <Execution id="71aa0ca1-d71c-40dc-badb-8f2b1c48ced2" />
      <TestMethod codeBase="C:/Users/Cwoo/Desktop/SvnLog/TestSvnDomainModel/bin/Debug/TestSvnDomainModel.DLL" adapterTypeName="Microsoft.VisualStudio.TestTools.TestTypes.Unit.UnitTestAdapter, Microsoft.VisualStudio.QualityTools.Tips.UnitTest.Adapter, Version=10.0.0.0, Culture=neutral, PublicKeyToken=b03f5f7f11d50a3a" className="TestSvnDomainModel.TestSvnLog, TestSvnDomainModel, Version=1.0.0.0, Culture=neutral, PublicKeyToken=null" name="TestRangeCreatedWhenFirstRevisionSkipped" />
    </UnitTest>
    <UnitTest name="TestRevisionsReturnedAsASingleRangeIfEveryRevisionIsSelected" storage="c:\users\cwoo\desktop\svnlog\testsvndomainmodel\bin\debug\testsvndomainmodel.dll" id="1070a7ed-f447-faef-1a6b-12e76ff1dda1">
      <Execution id="47945e90-1bc0-4d6a-b17d-6f3ec7bc745a" />
      <TestMethod codeBase="C:/Users/Cwoo/Desktop/SvnLog/TestSvnDomainModel/bin/Debug/TestSvnDomainModel.DLL" adapterTypeName="Microsoft.VisualStudio.TestTools.TestTypes.Unit.UnitTestAdapter, Microsoft.VisualStudio.QualityTools.Tips.UnitTest.Adapter, Version=10.0.0.0, Culture=neutral, PublicKeyToken=b03f5f7f11d50a3a" className="TestSvnDomainModel.TestSvnLog, TestSvnDomainModel, Version=1.0.0.0, Culture=neutral, PublicKeyToken=null" name="TestRevisionsReturnedAsASingleRangeIfEveryRevisionIsSelected" />
    </UnitTest>
    <UnitTest name="TestWeirdOneOneRangeAndThenOtherRnageMadeWhenSelectingAllButSecondRevision" storage="c:\users\cwoo\desktop\svnlog\testsvndomainmodel\bin\debug\testsvndomainmodel.dll" id="020fe87a-ab43-5b9e-ec0e-deaf1e36d47e">
      <Execution id="9d0c11d9-c1d2-4fb5-9226-1a196bd113cb" />
      <TestMethod codeBase="C:/Users/Cwoo/Desktop/SvnLog/TestSvnDomainModel/bin/Debug/TestSvnDomainModel.DLL" adapterTypeName="Microsoft.VisualStudio.TestTools.TestTypes.Unit.UnitTestAdapter, Microsoft.VisualStudio.QualityTools.Tips.UnitTest.Adapter, Version=10.0.0.0, Culture=neutral, PublicKeyToken=b03f5f7f11d50a3a" className="TestSvnDomainModel.TestSvnLog, TestSvnDomainModel, Version=1.0.0.0, Culture=neutral, PublicKeyToken=null" name="TestWeirdOneOneRangeAndThenOtherRnageMadeWhenSelectingAllButSecondRevision" />
    </UnitTest>
    <UnitTest name="TestSvnProncessThrowsAnErrorWhenTheStandardErrorLogHasSomthingInIt" storage="c:\users\cwoo\desktop\svnlog\testsvndomainmodel\bin\debug\testsvndomainmodel.dll" id="b9c48b81-c181-0ea3-d9f9-8ae341a98518">
      <Execution id="5986b508-c5c9-4b9f-a164-1cb5618f5cca" />
      <TestMethod codeBase="C:/Users/Cwoo/Desktop/SvnLog/TestSvnDomainModel/bin/Debug/TestSvnDomainModel.DLL" adapterTypeName="Microsoft.VisualStudio.TestTools.TestTypes.Unit.UnitTestAdapter, Microsoft.VisualStudio.QualityTools.Tips.UnitTest.Adapter, Version=10.0.0.0, Culture=neutral, PublicKeyToken=b03f5f7f11d50a3a" className="TestSvnDomainModel.TestSvnLog, TestSvnDomainModel, Version=1.0.0.0, Culture=neutral, PublicKeyToken=null" name="TestSvnProncessThrowsAnErrorWhenTheStandardErrorLogHasSomthingInIt" />
    </UnitTest>
  </TestDefinitions>
  <TestLists>
    <TestList name="Results Not in a List" id="8c84fa94-04c1-424b-9868-57a2d4851a1d" />
    <TestList name="All Loaded Results" id="19431567-8539-422a-85d7-44ee4e166bda" />
  </TestLists>
  <TestEntries>
    <TestEntry testId="020fe87a-ab43-5b9e-ec0e-deaf1e36d47e" executionId="9d0c11d9-c1d2-4fb5-9226-1a196bd113cb" testListId="8c84fa94-04c1-424b-9868-57a2d4851a1d" />
    <TestEntry testId="02aa3de2-b3c3-fefd-307e-ace23c0ad47e" executionId="e22d61a6-2b6d-4ca0-b39b-a144efeef486" testListId="8c84fa94-04c1-424b-9868-57a2d4851a1d" />
    <TestEntry testId="0d9d8b1b-59be-4a84-e3f2-8936777bdcca" executionId="4141f66a-7c9f-4c80-b5ce-2c9471589013" testListId="8c84fa94-04c1-424b-9868-57a2d4851a1d" />
    <TestEntry testId="1070a7ed-f447-faef-1a6b-12e76ff1dda1" executionId="47945e90-1bc0-4d6a-b17d-6f3ec7bc745a" testListId="8c84fa94-04c1-424b-9868-57a2d4851a1d" />
    <TestEntry testId="24a2b6e2-c4e7-6b1d-ad11-cdd2dbc84edb" executionId="71aa0ca1-d71c-40dc-badb-8f2b1c48ced2" testListId="8c84fa94-04c1-424b-9868-57a2d4851a1d" />
    <TestEntry testId="3a48e302-ccc6-9204-2565-041adf457499" executionId="fdba7f7c-c3ff-492a-89d9-ed40263a9ee9" testListId="8c84fa94-04c1-424b-9868-57a2d4851a1d" />
    <TestEntry testId="b9c48b81-c181-0ea3-d9f9-8ae341a98518" executionId="5986b508-c5c9-4b9f-a164-1cb5618f5cca" testListId="8c84fa94-04c1-424b-9868-57a2d4851a1d" />
    <TestEntry testId="d13e3e73-e065-6a13-5822-4e5f1b2d1751" executionId="924bca4d-c58d-4924-b045-660410515739" testListId="8c84fa94-04c1-424b-9868-57a2d4851a1d" />
  </TestEntries>
  <Results>
    <UnitTestResult executionId="9d0c11d9-c1d2-4fb5-9226-1a196bd113cb" testId="020fe87a-ab43-5b9e-ec0e-deaf1e36d47e" testName="TestWeirdOneOneRangeAndThenOtherRnageMadeWhenSelectingAllButSecondRevision" computerName="CWOO-PC" duration="00:00:00.0321498" startTime="2011-04-30T18:27:32.2637358+01:00" endTime="2011-04-30T18:27:32.5327512+01:00" testType="13cdc9d9-ddb5-4fa4-a97d-d965ccfc6d4b" outcome="Failed" testListId="8c84fa94-04c1-424b-9868-57a2d4851a1d" relativeResultsDirectory="9d0c11d9-c1d2-4fb5-9226-1a196bd113cb">
      <Output>
        <ErrorInfo>
          <Message>Assert.AreEqual failed. Expected:&lt;r20:r21&gt;. Actual:&lt;r21:r22&gt;. </Message>
          <StackTrace>   at TestSvnDomainModel.TestSvnLog.TestWeirdOneOneRangeAndThenOtherRnageMadeWhenSelectingAllButSecondRevision() in C:\Users\Cwoo\Desktop\SvnLog\TestSvnDomainModel\TestSvnLog.cs:line 114
</StackTrace>
        </ErrorInfo>
      </Output>
    </UnitTestResult>
    <UnitTestResult executionId="e22d61a6-2b6d-4ca0-b39b-a144efeef486" testId="02aa3de2-b3c3-fefd-307e-ace23c0ad47e" testName="TestSkippingARevisionResultsInTwoNoneRangesBeingReturned" computerName="CWOO-PC" duration="00:00:00.0013616" startTime="2011-04-30T18:27:32.5337513+01:00" endTime="2011-04-30T18:27:32.5387516+01:00" testType="13cdc9d9-ddb5-4fa4-a97d-d965ccfc6d4b" outcome="Failed" testListId="8c84fa94-04c1-424b-9868-57a2d4851a1d" relativeResultsDirectory="e22d61a6-2b6d-4ca0-b39b-a144efeef486">
      <Output>
        <ErrorInfo>
          <Message>Assert.AreEqual failed. Expected:&lt;r1&gt;. Actual:&lt;r1:r1&gt;. </Message>
          <StackTrace>   at TestSvnDomainModel.TestSvnLog.TestSkippingARevisionResultsInTwoNoneRangesBeingReturned() in C:\Users\Cwoo\Desktop\SvnLog\TestSvnDomainModel\TestSvnLog.cs:line 59
</StackTrace>
        </ErrorInfo>
      </Output>
    </UnitTestResult>
    <UnitTestResult executionId="4141f66a-7c9f-4c80-b5ce-2c9471589013" testId="0d9d8b1b-59be-4a84-e3f2-8936777bdcca" testName="TestWhenOnlySingleRevisionSelectedItGetsTurnedIntoRevisionRange" computerName="CWOO-PC" duration="00:00:00.0002352" startTime="2011-04-30T18:27:32.5407517+01:00" endTime="2011-04-30T18:27:32.5437519+01:00" testType="13cdc9d9-ddb5-4fa4-a97d-d965ccfc6d4b" outcome="Passed" testListId="8c84fa94-04c1-424b-9868-57a2d4851a1d" relativeResultsDirectory="4141f66a-7c9f-4c80-b5ce-2c9471589013">
    </UnitTestResult>
    <UnitTestResult executionId="47945e90-1bc0-4d6a-b17d-6f3ec7bc745a" testId="1070a7ed-f447-faef-1a6b-12e76ff1dda1" testName="TestRevisionsReturnedAsASingleRangeIfEveryRevisionIsSelected" computerName="CWOO-PC" duration="00:00:00.0002796" startTime="2011-04-30T18:27:32.5447519+01:00" endTime="2011-04-30T18:27:32.5477521+01:00" testType="13cdc9d9-ddb5-4fa4-a97d-d965ccfc6d4b" outcome="Passed" testListId="8c84fa94-04c1-424b-9868-57a2d4851a1d" relativeResultsDirectory="47945e90-1bc0-4d6a-b17d-6f3ec7bc745a">
    </UnitTestResult>
    <UnitTestResult executionId="71aa0ca1-d71c-40dc-badb-8f2b1c48ced2" testId="24a2b6e2-c4e7-6b1d-ad11-cdd2dbc84edb" testName="TestRangeCreatedWhenFirstRevisionSkipped" computerName="CWOO-PC" duration="00:00:00.0002697" startTime="2011-04-30T18:27:32.5487522+01:00" endTime="2011-04-30T18:27:32.5517523+01:00" testType="13cdc9d9-ddb5-4fa4-a97d-d965ccfc6d4b" outcome="Passed" testListId="8c84fa94-04c1-424b-9868-57a2d4851a1d" relativeResultsDirectory="71aa0ca1-d71c-40dc-badb-8f2b1c48ced2">
    </UnitTestResult>
    <UnitTestResult executionId="fdba7f7c-c3ff-492a-89d9-ed40263a9ee9" testId="3a48e302-ccc6-9204-2565-041adf457499" testName="TestSkippingLastResultsInOneRange" computerName="CWOO-PC" duration="00:00:00.0002540" startTime="2011-04-30T18:27:32.5527524+01:00" endTime="2011-04-30T18:27:32.5567526+01:00" testType="13cdc9d9-ddb5-4fa4-a97d-d965ccfc6d4b" outcome="Passed" testListId="8c84fa94-04c1-424b-9868-57a2d4851a1d" relativeResultsDirectory="fdba7f7c-c3ff-492a-89d9-ed40263a9ee9">
    </UnitTestResult>
    <UnitTestResult executionId="5986b508-c5c9-4b9f-a164-1cb5618f5cca" testId="b9c48b81-c181-0ea3-d9f9-8ae341a98518" testName="TestSvnProncessThrowsAnErrorWhenTheStandardErrorLogHasSomthingInIt" computerName="CWOO-PC" duration="00:00:00.0198800" startTime="2011-04-30T18:27:32.5577527+01:00" endTime="2011-04-30T18:27:32.5807540+01:00" testType="13cdc9d9-ddb5-4fa4-a97d-d965ccfc6d4b" outcome="Passed" testListId="8c84fa94-04c1-424b-9868-57a2d4851a1d" relativeResultsDirectory="5986b508-c5c9-4b9f-a164-1cb5618f5cca">
    </UnitTestResult>
    <UnitTestResult executionId="924bca4d-c58d-4924-b045-660410515739" testId="d13e3e73-e065-6a13-5822-4e5f1b2d1751" testName="TestSkippingMiddleCanCreateTwoRanges" computerName="CWOO-PC" duration="00:00:00.0003421" startTime="2011-04-30T18:27:32.5817540+01:00" endTime="2011-04-30T18:27:32.5847542+01:00" testType="13cdc9d9-ddb5-4fa4-a97d-d965ccfc6d4b" outcome="Passed" testListId="8c84fa94-04c1-424b-9868-57a2d4851a1d" relativeResultsDirectory="924bca4d-c58d-4924-b045-660410515739">
    </UnitTestResult>
  </Results>
</TestRun>